[22:46:05] [main/INFO]: Loading Minecraft 1.21.11 with Fabric Loader 0.18.4
[22:46:06] [main/INFO]: Loading 133 mods:
	- almanac 1.6.2
	   \-- cloth-config 20.0.149
	        \-- cloth-basic-math 0.6.1
	- balm 21.11.6
	   \-- kuma_api 21.11.12
	- cardinal-components 7.3.1
	   |-- cardinal-components-base 7.3.1
	   |-- cardinal-components-block 7.3.1
	   |-- cardinal-components-chunk 7.3.1
	   |-- cardinal-components-entity 7.3.1
	   |-- cardinal-components-item 7.3.1
	   |-- cardinal-components-level 7.3.1
	   |-- cardinal-components-scoreboard 7.3.1
	   \-- cardinal-components-world 7.3.1
	- chunky 1.4.55
	- collective 8.13
	- epicwitchhuts 1.2.0
	- fabric-api 0.141.3+1.21.11
	   |-- fabric-api-base 1.0.5+4ebb5c083e
	   |-- fabric-api-lookup-api-v1 1.6.114+20dc27073e
	   |-- fabric-biome-api-v1 17.1.1+4fc5413f3e
	   |-- fabric-block-api-v1 1.1.10+4ebb5c083e
	   |-- fabric-block-view-api-v2 1.0.39+4ebb5c083e
	   |-- fabric-command-api-v2 2.4.7+6b42a6003e
	   |-- fabric-content-registries-v0 10.2.14+4fc5413f3e
	   |-- fabric-convention-tags-v1 2.1.55+7f945d5b3e
	   |-- fabric-convention-tags-v2 2.17.3+8ef948ba3e
	   |-- fabric-crash-report-info-v1 0.3.23+4ebb5c083e
	   |-- fabric-data-attachment-api-v1 1.8.47+eed0806f3e
	   |-- fabric-data-generation-api-v1 23.4.0+69974c4e3e
	   |-- fabric-dimensions-v1 4.0.28+4fc5413f3e
	   |-- fabric-entity-events-v1 3.1.1+1d0ab4303e
	   |-- fabric-events-interaction-v0 4.1.0+3b89ecf63e
	   |-- fabric-game-rule-api-v1 2.0.3+4fc5413f3e
	   |-- fabric-item-api-v1 11.5.20+d0c46b9e3e
	   |-- fabric-item-group-api-v1 4.2.36+4fc5413f3e
	   |-- fabric-key-binding-api-v1 1.1.7+4fc5413f3e
	   |-- fabric-lifecycle-events-v1 2.6.15+4ebb5c083e
	   |-- fabric-loot-api-v2 3.0.73+3f89f5a53e
	   |-- fabric-loot-api-v3 2.0.20+78c8b4663e
	   |-- fabric-message-api-v1 6.1.12+4ebb5c083e
	   |-- fabric-model-loading-api-v1 6.0.15+4fc5413f3e
	   |-- fabric-networking-api-v1 5.1.5+ae1e07683e
	   |-- fabric-object-builder-api-v1 21.1.39+4fc5413f3e
	   |-- fabric-particles-v1 4.2.11+4fc5413f3e
	   |-- fabric-recipe-api-v1 8.2.3+4ebb5c083e
	   |-- fabric-registry-sync-v0 6.2.5+1718722b3e
	   |-- fabric-renderer-api-v1 8.0.3+f4ffd2e53e
	   |-- fabric-renderer-indigo 5.0.3+f4ffd2e53e
	   |-- fabric-rendering-fluids-v1 3.1.43+4ebb5c083e
	   |-- fabric-rendering-v1 16.2.10+0290ad933e
	   |-- fabric-resource-conditions-api-v1 5.0.35+4fc5413f3e
	   |-- fabric-resource-loader-v0 3.3.4+4fc5413f3e
	   |-- fabric-resource-loader-v1 1.0.10+78c8b4663e
	   |-- fabric-screen-api-v1 3.1.7+4ebb5c083e
	   |-- fabric-screen-handler-api-v1 1.3.161+4fc5413f3e
	   |-- fabric-serialization-api-v1 1.0.5+4ebb5c083e
	   |-- fabric-sound-api-v1 1.0.51+4fc5413f3e
	   |-- fabric-tag-api-v1 1.2.20+4fc5413f3e
	   |-- fabric-transfer-api-v1 6.0.25+4fc5413f3e
	   \-- fabric-transitive-access-wideners-v1 7.1.0+014c8cec3e
	- fabric-language-kotlin 1.13.9+kotlin.2.3.10
	   |-- org_jetbrains_kotlin_kotlin-reflect 2.3.10
	   |-- org_jetbrains_kotlin_kotlin-stdlib 2.3.10
	   |-- org_jetbrains_kotlin_kotlin-stdlib-jdk7 2.3.10
	   |-- org_jetbrains_kotlin_kotlin-stdlib-jdk8 2.3.10
	   |-- org_jetbrains_kotlinx_atomicfu-jvm 0.31.0
	   |-- org_jetbrains_kotlinx_kotlinx-coroutines-core-jvm 1.10.2
	   |-- org_jetbrains_kotlinx_kotlinx-coroutines-jdk8 1.10.2
	   |-- org_jetbrains_kotlinx_kotlinx-datetime-jvm 0.7.1
	   |-- org_jetbrains_kotlinx_kotlinx-io-bytestring-jvm 0.8.2
	   |-- org_jetbrains_kotlinx_kotlinx-io-core-jvm 0.8.2
	   |-- org_jetbrains_kotlinx_kotlinx-serialization-cbor-jvm 1.10.0
	   |-- org_jetbrains_kotlinx_kotlinx-serialization-core-jvm 1.10.0
	   \-- org_jetbrains_kotlinx_kotlinx-serialization-json-jvm 1.10.0
	- fabricloader 0.18.4
	   \-- mixinextras 0.5.0
	- ferritecore 8.2.0
	- forgivingvoid 21.11.3
	- huskhomes 4.10
	   |-- adventure-platform-fabric 6.8.0
	   |    |-- net_kyori_adventure-api 4.25.0
	   |    |-- net_kyori_adventure-key 4.25.0
	   |    |-- net_kyori_adventure-platform-api 4.4.1
	   |    |-- net_kyori_adventure-platform-mod-shared-fabric-repack 6.8.0
	   |    |-- net_kyori_adventure-text-logger-slf4j 4.25.0
	   |    |-- net_kyori_adventure-text-minimessage 4.25.0
	   |    |-- net_kyori_adventure-text-serializer-ansi 4.25.0
	   |    |-- net_kyori_adventure-text-serializer-gson 4.25.0
	   |    |-- net_kyori_adventure-text-serializer-json 4.25.0
	   |    |-- net_kyori_adventure-text-serializer-plain 4.25.0
	   |    |-- net_kyori_ansi 1.1.1
	   |    |-- net_kyori_examination-api 1.3.0
	   |    |-- net_kyori_examination-string 1.3.0
	   |    \-- net_kyori_option 1.1.0
	   |-- com_fatboyindustrial_gson-javatime-serialisers_gso6b8820f28ed4bb 1.1.2
	   |-- com_google_code_gson_gson 2.13.2
	   |-- com_h2database_h2 2.3.232
	   |-- com_mysql_mysql-connector-j 9.3.0
	   |-- com_zaxxer_hikaricp 7.0.2
	   |-- commons-io_commons-io 2.21.0
	   |-- de_exlll_configlib-core 4.8.0
	   |-- de_exlll_configlib-yaml 4.8.0
	   |-- fabric-permissions-api-v0 0.6.1
	   |-- fabricpluginmessaging 1.0.0
	   |-- huskhomes_common 4.10
	   |-- net_impactdev_impactor_api_economy_dev-slim 5.3.4
	   |-- net_william278_desertwell 2.0.4
	   |-- net_william278_minedown 1.8.2
	   |-- net_william278_paginedown 1.1.2
	   |-- org_apache_commons_commons-pool2 2.13.1
	   |-- org_apache_commons_commons-text 1.15.0
	   |-- org_mariadb_jdbc_mariadb-java-client 3.5.3
	   |-- org_snakeyaml_snakeyaml-engine 2.10
	   |-- org_xerial_sqlite-jdbc 3.49.1.0
	   |-- placeholder-api 2.8.1+1.21.10
	   |-- redis_clients_authentication_redis-authx-core 0.1.1-beta2
	   |-- redis_clients_jedis 6.0.0
	   \-- toilet 1.0.17
	- java 21
	- letmedespawn 1.6.2
	- mine-spawners 1.6.6
	- minecraft 1.21.11
	- mr_guns 5.9.4
	- potatoptimize 2.1.0
	- raknetify 0.1.0+alpha.5.195
	- silk-all 1.11.5
	   |-- silk-commands 1.11.5
	   |-- silk-core 1.11.5
	   |-- silk-game 1.11.5
	   |-- silk-igui 1.11.5
	   |-- silk-nbt 1.11.5
	   |-- silk-network 1.11.5
	   \-- silk-persistence 1.11.5
	- spark 1.10.156
	   \-- fabric-permissions-api-v0 0.6.1
	- trade_cycling 1.21.11-1.0.20
	   |-- fabric-key-binding-api-v1 1.1.7+4fc5413f53
	   \-- fabric-screen-api-v1 3.1.7+4ebb5c0853
	- travelersbackpack 10.11.5
	- treeharvester 9.3
	- veinminer 2.5.2
	   |-- de_miraculixx_core_dev 2.5.2
	   \-- fabric-permissions-api-v0 0.6.1
[22:46:07] [main/INFO]: SpongePowered MIXIN Subsystem Version=0.8.7 Source=file:/home/yousaytoday/itslinux-btw/assets/minecraft/server-1.21.11-fabric/libraries/net/fabricmc/sponge-mixin/0.17.0+mixin.0.8.7/sponge-mixin-0.17.0+mixin.0.8.7.jar Service=Knot/Fabric Env=SERVER
[22:46:07] [main/INFO]: Compatibility level set to JAVA_21
[22:46:07] [main/WARN]: Reference map 'balm.refmap.json' for balm.mixins.json could not be read. If this is a development environment you can ignore this message
[22:46:07] [main/WARN]: Reference map 'balm.refmap.json' for balm.api.mixins.json could not be read. If this is a development environment you can ignore this message
[22:46:07] [main/WARN]: Reference map 'balm.refmap.json' for balm.fabric.mixins.json could not be read. If this is a development environment you can ignore this message
[22:46:08] [main/WARN]: Reference map 'forgivingvoid.refmap.json' for forgivingvoid.mixins.json could not be read. If this is a development environment you can ignore this message
[22:46:08] [main/WARN]: Reference map 'forgivingvoid.refmap.json' for forgivingvoid.fabric.mixins.json could not be read. If this is a development environment you can ignore this message
[22:46:08] [main/WARN]: Reference map 'kuma_api.refmap.json' for kuma_api.mixins.json could not be read. If this is a development environment you can ignore this message
[22:46:08] [main/WARN]: Reference map 'kuma_api.refmap.json' for kuma_api.fabric.mixins.json could not be read. If this is a development environment you can ignore this message
[22:46:08] [main/INFO]: Loaded optimizations overrides for Potatoptimize: 1 override(s) found
[22:46:10] [main/WARN]: Force-disabling mixin 'mixin.nonvanilla.experimental.tick_skipping.EntityTickingListAccessor' as 'Potatoptimize' disables it
[22:46:10] [main/WARN]: Force-disabling mixin 'mixin.nonvanilla.experimental.tick_skipping.ServerLevelMixin' as 'Potatoptimize' disables it
[22:46:10] [main/WARN]: Force-disabling mixin 'mixin.nonvanilla.experimental.tick_skipping.TickThresholdAccessor' as 'Potatoptimize' disables it
[22:46:10] [main/WARN]: Error loading class: net/minecraft/class_2539$class_4532 (java.lang.ClassNotFoundException: net/minecraft/class_2539$class_4532)
[22:46:10] [main/WARN]: @Mixin target net/minecraft/class_2539$class_4532 was not found raknetify-fabric.mixins.json:access.INetworkStateInternalPacketHandler from mod raknetify
[22:46:10] [main/WARN]: Error loading class: net/minecraft/class_9188 (java.lang.ClassNotFoundException: net/minecraft/class_9188)
[22:46:10] [main/WARN]: Error loading class: org/quiltmc/qsl/networking/impl/server/ServerLoginNetworkAddon (java.lang.ClassNotFoundException: org/quiltmc/qsl/networking/impl/server/ServerLoginNetworkAddon)
[22:46:10] [main/INFO]: Initializing MixinExtras via com.llamalad7.mixinextras.service.MixinExtrasServiceImpl(version=0.5.0).
[22:46:11] [main/WARN]: Did not find udev library in operating system. Some features may not work.
[22:46:27] [main/INFO]: Almanac Fabric config reloaded, cache cleared
[22:46:27] [main/INFO]: Almanac Fabric config initialized
[22:46:28] [main/INFO]: Almanac initialized
[22:46:28] [main/INFO]: Loading Collective version 8.13.
[22:46:29] [main/INFO]: FabricPluginMessaging initialized!
[22:46:30] [main/INFO]: [STDOUT]: Raknetify: Using leak detector level SIMPLE
[22:46:30] [main/INFO]: Initializing Silk
[22:46:32] [main/INFO]: Registered the FluidEffect with Unique ID of minecraft:water for Water (Fluid Amount Required: 81000) with the ID 0
[22:46:32] [main/INFO]: Registered the FluidEffect with Unique ID of minecraft:lava for Lava (Fluid Amount Required: 81000) with the ID 1
[22:46:32] [main/INFO]: Registered the FluidEffect with Unique ID of travelersbackpack:potion for block.travelersbackpack.potion_still (Fluid Amount Required: 27000) with the ID 2
[22:46:32] [main/INFO]: Registered the FluidEffect with Unique ID of minecraft:milk for Air (Fluid Amount Required: 81000) with the ID 3
[22:46:32] [main/INFO]: Veinminer Version: 2.5.2 (fabric)
[22:46:33] [main/INFO]: Registered 'on_load' hooks
[22:46:33] [main/INFO]: Successfully loaded HuskHomes v4.10
[22:46:33] [DefaultDispatcher-worker-1/INFO]: [STDOUT]: [VeinminerUpdater] veinminer is up to date
[22:46:33] [main/ERROR]: Couldn't load epicwitchhuts pack metadata: Multi-version packs cannot support minimum version of less than 15, since this will leave versions in range unable to load pack.
[22:46:33] [main/ERROR]: Couldn't load epicwitchhuts pack metadata: Multi-version packs cannot support minimum version of less than 15, since this will leave versions in range unable to load pack.
[22:46:34] [main/INFO]: Environment: Environment[sessionHost=https://sessionserver.mojang.com, servicesHost=https://api.minecraftservices.com, profilesHost=https://api.mojang.com, name=PROD]
[22:46:34] [main/ERROR]: Couldn't load epicwitchhuts pack metadata: Multi-version packs cannot support minimum version of less than 15, since this will leave versions in range unable to load pack.
[22:46:37] [Worker-Main-3/ERROR]: Couldn't parse data file 'epic:chests/scary' from 'epic:loot_table/chests/scary.json': DataResult.Error['Unknown registry key in ResourceKey[minecraft:root / minecraft:item]: minecraft:chain': net.minecraft.class_52@50c8037b]
[22:46:40] [main/INFO]: Loaded 1670 recipes
[22:46:40] [main/INFO]: Loaded 1744 advancements
[22:46:41] [main/INFO]: Applied 0 biome modifications to 0 of 65 new biomes in 14.05 ms
[22:46:42] [Server thread/INFO]: Initialized mcCoroutineScope (MinecraftServer as executor)
[22:46:42] [Server thread/INFO]: Starting background profiler...
[22:46:43] [Server thread/INFO]: Registered 'on_enable' hooks
[22:46:43] [Server thread/INFO]: Successfully enabled HuskHomes v4.10
[22:46:43] [HuskHomes-ThreadPool/INFO]: Registered 'after_load' hooks
[22:46:43] [Server thread/INFO]: Starting minecraft server version 1.21.11
[22:46:43] [Server thread/INFO]: Loading properties
[22:46:43] [Server thread/INFO]: Default game type: SURVIVAL
[22:46:43] [Server thread/INFO]: Generating keypair
[22:46:43] [Server thread/INFO]: Starting Minecraft server on *:25565
[22:46:43] [Server thread/INFO]: [STDOUT]: Starting raknetify server on /fe80:0:0:0:ccbf:10ff:fe3d:b21b%veth20c0c99
[22:46:43] [Server thread/INFO]: [STDOUT]: Starting raknetify server on /fe80:0:0:0:84e4:91ff:fe17:4359%vethac0aafb
[22:46:43] [Server thread/INFO]: [STDOUT]: Starting raknetify server on /172.17.0.1
[22:46:43] [Server thread/INFO]: [STDOUT]: Starting raknetify server on /172.19.0.1
[22:46:44] [Server thread/INFO]: [STDOUT]: Starting raknetify server on /fe80:0:0:0:c86e:11ff:fe00:4641%br-38280afbae39
[22:46:44] [Server thread/INFO]: [STDOUT]: Starting raknetify server on /172.20.0.1
[22:46:44] [Server thread/INFO]: [STDOUT]: Starting raknetify server on /172.18.0.1
[22:46:44] [Server thread/INFO]: [STDOUT]: Starting raknetify server on /192.168.56.1
[22:46:44] [Server thread/INFO]: [STDOUT]: Starting raknetify server on /2400:adc7:4112:ec00:84f9:d271:57f:c222%enp2s0
[22:46:44] [Server thread/INFO]: [STDOUT]: Starting raknetify server on /2400:adc7:4112:ec00:44ad:7f67:fae4:7cee%enp2s0
[22:46:44] [Server thread/INFO]: [STDOUT]: Starting raknetify server on /fe80:0:0:0:d2b5:d4ef:3e58:6fd4%enp2s0
[22:46:44] [Server thread/INFO]: [STDOUT]: Starting raknetify server on /192.168.1.5
[22:46:44] [Server thread/INFO]: [STDOUT]: Starting raknetify server on /0:0:0:0:0:0:0:1%lo
[22:46:44] [Server thread/INFO]: [STDOUT]: Starting raknetify server on /127.0.0.1
[22:46:44] [Server thread/WARN]: **** SERVER IS RUNNING IN OFFLINE/INSECURE MODE!
[22:46:44] [Server thread/WARN]: The server will make no attempt to authenticate usernames. Beware.
[22:46:44] [Server thread/WARN]: While this makes the game possible to play without internet access, it also opens up the ability for hackers to connect with any username they choose.
[22:46:44] [Server thread/WARN]: To change this, set "online-mode" to "true" in the server.properties file.
[22:46:44] [Server thread/INFO]: Preparing level "world"
[22:46:45] [Server thread/INFO]: Loading 25 persistent chunks...
[22:46:45] [Server thread/INFO]: Preparing spawn area: 28%
[22:46:45] [Netty Epoll IO #1/WARN]: @Redirect conflict. Skipping raknetify-fabric.mixins.json:server.MixinServerLoginNetworkHandler from mod raknetify->@Redirect::stopCompressionIfStreamingCompressionExists(Lnet/minecraft/server/MinecraftServer;)I with priority 900, already redirected by fabric-networking-api-v1.mixins.json:ServerLoginPacketListenerImplMixin from mod fabric-networking-api-v1->@Redirect::removeLateCompressionPacketSending(Lnet/minecraft/server/MinecraftServer;)I with priority 1000
[22:46:46] [Server thread/INFO]: Preparing spawn area: 28%
[22:46:46] [Server thread/INFO]: Preparing spawn area: 28%
[22:46:47] [Server thread/INFO]: Preparing spawn area: 28%
[22:46:47] [Server thread/INFO]: Preparing spawn area: 28%
[22:46:48] [Server thread/INFO]: Preparing spawn area: 28%
[22:46:48] [Server thread/INFO]: Preparing spawn area: 28%
[22:46:49] [Server thread/INFO]: Preparing spawn area: 28%
[22:46:49] [Server thread/INFO]: Time elapsed: 3959 ms
[22:46:49] [Server thread/INFO]: Done (5.350s)! For help, type "help"
[22:46:52] [Server thread/WARN]: Can't keep up! Is the server overloaded? Running 2043ms or 40 ticks behind
[22:46:52] [Server thread/INFO]: lookanotherone[/192.168.1.5:43190] logged in with entity id 72 at (-107.23750001192093, 109.0, -146.75562921652647)
[22:46:52] [Server thread/INFO]: Loading config from file...
[22:46:52] [Server thread/INFO]: lookanotherone joined the game
[22:47:16] [Server thread/INFO]: lookanotherone lost connection: Disconnected
[22:47:16] [Server thread/INFO]: lookanotherone left the game
[22:47:16] [Server thread/WARN]: Can't keep up! Is the server overloaded? Running 9882ms or 197 ticks behind
[22:47:19] [Server thread/INFO]: Stopping the server
[22:47:20] [Server thread/INFO]: Disabling HuskHomes v4.10...
[22:47:20] [Server thread/INFO]: Successfully disabled HuskHomes v4.10
[22:47:20] [Server thread/INFO]: Stopping server
[22:47:20] [Server thread/INFO]: Saving players
[22:47:20] [Server thread/INFO]: Saving worlds
[22:47:20] [Server thread/INFO]: Saving chunks for level 'ServerLevel[world]'/minecraft:overworld
[22:47:20] [Server thread/INFO]: Saving chunks for level 'ServerLevel[world]'/minecraft:the_end
[22:47:20] [Server thread/INFO]: Saving chunks for level 'ServerLevel[world]'/minecraft:the_nether
[22:47:20] [Server thread/INFO]: ThreadedAnvilChunkStorage (world): All chunks are saved
[22:47:20] [Server thread/INFO]: ThreadedAnvilChunkStorage (DIM1): All chunks are saved
[22:47:20] [Server thread/INFO]: ThreadedAnvilChunkStorage (DIM-1): All chunks are saved
[22:47:20] [Server thread/INFO]: ThreadedAnvilChunkStorage: All dimensions are saved
